CUSTOMER.LOCAL.REF\:1\:1=ADDR.TYPE
CUSTOMER.LOCAL.REF\:2\:1=ADDR.COUNTRY
CUSTOMER.LOCAL.REF\:3\:1=ADDR.POSTCODE
CUSTOMER.LOCAL.REF\:4\:1=ADDR.REGION
CUSTOMER.LOCAL.REF\:5\:1=ADDR.DISTRICT
CUSTOMER.LOCAL.REF\:6\:1=ADDR.CITY
CUSTOMER.LOCAL.REF\:7\:1=ADDR.STREET
CUSTOMER.LOCAL.REF\:8\:1=ADDR.HOUSE.NO
CUSTOMER.LOCAL.REF\:9\:1=ADDR.BUILD.NO
CUSTOMER.LOCAL.REF\:10\:1=ADDR.FLAT
CUSTOMER.LOCAL.REF\:11\:1=DOC.TYPE
CUSTOMER.LOCAL.REF\:12\:1=DOC.SR
CUSTOMER.LOCAL.REF\:13\:1=DOC.NO
CUSTOMER.LOCAL.REF\:14\:1=DOC.ISSUE.DATE
CUSTOMER.LOCAL.REF\:15\:1=DOC.ISS.PLACE1
CUSTOMER.LOCAL.REF\:16\:1=DOC.ISS.PLACE2
CUSTOMER.LOCAL.REF\:17\:1=DOC.EXPIRY.DATE
CUSTOMER.LOCAL.REF\:18\:1=CONT.TYPE
CUSTOMER.LOCAL.REF\:19\:1=CONT.INF
CUSTOMER.LOCAL.REF\:20\:1=CONT.PERS.TYPE
CUSTOMER.LOCAL.REF\:21\:1=CONT.PERS.NAME
CUSTOMER.LOCAL.REF\:22\:1=CONT.COMENTS
CUSTOMER.LOCAL.REF\:23\:1=VISA.EXP.DATE
CUSTOMER.LOCAL.REF\:24\:1=VERSION.NAME
CUSTOMER.LOCAL.REF\:25\:1=TAX.REG.TYPE
CUSTOMER.LOCAL.REF\:26\:1=TAX.REG.NO
CUSTOMER.LOCAL.REF\:27\:1=TAX.REG.DATE
CUSTOMER.LOCAL.REF\:28\:1=TAX.PAYER.CODE
CUSTOMER.LOCAL.REF\:29\:1=TAX.ID
CUSTOMER.LOCAL.REF\:30\:1=TAX.ADM.CODE
CUSTOMER.LOCAL.REF\:31\:1=STA.REG.OTHER
CUSTOMER.LOCAL.REF\:32\:1=STA.REG.NO
CUSTOMER.LOCAL.REF\:32\:1=STA.REF.NO
CUSTOMER.LOCAL.REF\:33\:1=STA.REG.DATE
CUSTOMER.LOCAL.REF\:34\:1=STA.REG.AGENCY
CUSTOMER.LOCAL.REF\:35\:1=SOURCE.OF.INCOM
CUSTOMER.LOCAL.REF\:36\:1=SERVICE.HIS
CUSTOMER.LOCAL.REF\:37\:1=RISK.CATEG
CUSTOMER.LOCAL.REF\:38\:1=PLACE.OF.BIRTH
CUSTOMER.LOCAL.REF\:39\:1=MIDDLE.NAME
CUSTOMER.LOCAL.REF\:40\:1=MAJ.COUNT.PART
CUSTOMER.LOCAL.REF\:41\:1=LICENCES
CUSTOMER.LOCAL.REF\:42\:1=LEND.OP.CATEG
CUSTOMER.LOCAL.REF\:43\:1=LAST.NAME
CUSTOMER.LOCAL.REF\:44\:1=K110
CUSTOMER.LOCAL.REF\:45\:1=K070
CUSTOMER.LOCAL.REF\:46\:1=K060
CUSTOMER.LOCAL.REF\:47\:1=K050
CUSTOMER.LOCAL.REF\:48\:1=K016
CUSTOMER.LOCAL.REF\:49\:1=K013
CUSTOMER.LOCAL.REF\:50\:1=INT.RATING
CUSTOMER.LOCAL.REF\:51\:1=IDENTIFICATION
CUSTOMER.LOCAL.REF\:52\:1=FIRST.NAME
CUSTOMER.LOCAL.REF\:53\:1=EVALUATION.2
CUSTOMER.LOCAL.REF\:54\:1=EVALUATION.1
CUSTOMER.LOCAL.REF\:55\:1=CURR.OPERATIONS
CUSTOMER.LOCAL.REF\:56\:1=CREDIT.RATING
CUSTOMER.LOCAL.REF\:57\:1=CLOSE.DATE
CUSTOMER.LOCAL.REF\:58\:1=BUS.RELATIONS
CUSTOMER.LOCAL.REF\:59\:1=BNK.TELEX
CUSTOMER.LOCAL.REF\:60\:1=BNK.SEP.ID
CUSTOMER.LOCAL.REF\:61\:1=BNK.REUTERS
CUSTOMER.LOCAL.REF\:62\:1=BNK.RATING
CUSTOMER.LOCAL.REF\:63\:1=BNK.MFO
CUSTOMER.LOCAL.REF\:64\:1=BNK.BIC
CUSTOMER.LOCAL.REF\:65\:1=BANK.REG.DATE
CUSTOMER.LOCAL.REF\:66\:1=ALFA.GRP.MEMBER
CUSTOMER.LOCAL.REF\:67\:1=ADD.SUB.TYPE
CUSTOMER.LOCAL.REF\:68\:1=ACTIVITY.HIS
CUSTOMER.LOCAL.REF\:69\:1=ACC.OTHER.BNK
CUSTOMER.LOCAL.REF\:70\:1=AC.OPEN.DENIED
CUSTOMER.LOCAL.REF\:71\:1=TARIFF
CUSTOMER.LOCAL.REF\:72\:1=DESIGNATION
CUSTOMER.LOCAL.REF\:73\:1=CLIENT.TYPE
CUSTOMER.LOCAL.REF\:74\:1=DEAL.NO
CUSTOMER.LOCAL.REF\:75\:1=CARD.PRODUCT
CUSTOMER.LOCAL.REF\:76\:1=NR.TAX.ID
